// Vitest Snapshot v1, https://vitest.dev/guide/snapshot.html

exports[`CharacterCard component > matches snapshot 1`] = `
<DocumentFragment>
  <div
    class="mx-auto w-68 rounded-lg bg-white p-2 shadow-md transition-transform duration-300 hover:scale-101"
  >
    <div
      class="flex flex-col items-center rounded-t-lg bg-custom-beige p-4"
    >
      <p
        class="mb-2 text-center text-lg font-semibold"
      >
        Mock Rick Sanchez
      </p>
      <div
        class="relative h-full min-h-56 w-full min-w-56 overflow-hidden rounded"
      >
        <div
          class="absolute inset-0 animate-pulse  bg-custom-gray"
          role="presentation"
        />
        <img
          alt="Mock Rick Sanchez"
          class="h-full w-full object-cover transition-opacity duration-300 opacity-0"
          src="https://rickandmortyapi.com/api/character/avatar/1.jpeg"
        />
      </div>
    </div>
    <div
      class="space-y-2 rounded-b-lg bg-white py-4 text-sm"
    >
      <p>
        <span
          class="font-semibold"
        >
          Origin:
        </span>
         Mock Earth (C-137)
      </p>
      <p>
        <span
          class="font-semibold"
        >
          Species:
        </span>
         Human
      </p>
      <p>
        <span
          class="font-semibold"
        >
          Gender:
        </span>
         Male
      </p>
      <p>
        <span
          class="font-semibold"
        >
          Status:
        </span>
         Alive
      </p>
    </div>
  </div>
</DocumentFragment>
`;
