// Vitest Snapshot v1, https://vitest.dev/guide/snapshot.html

exports[`CharacterImage component > matches snapshot 1`] = `
<DocumentFragment>
  <div
    class="relative h-full min-h-56 w-full min-w-56 overflow-hidden rounded"
  >
    <div
      class="absolute inset-0 animate-pulse bg-custom-gray"
      role="presentation"
    />
    <img
      alt="Test character"
      class="h-full w-full object-cover transition-opacity duration-300 opacity-0"
      src="test-image.png"
    />
  </div>
</DocumentFragment>
`;
