// Vitest Snapshot v1, https://vitest.dev/guide/snapshot.html

exports[`Header component > matches snapshot 1`] = `
<DocumentFragment>
  <div
    class="fixed top-0 left-0 z-50 flex w-full items-center justify-center bg-custom-pink px-6 py-4 shadow-md"
    role="header"
  >
    <input />
  </div>
</DocumentFragment>
`;
