// Vitest Snapshot v1, https://vitest.dev/guide/snapshot.html

exports[`Search component > matches snapshot 1`] = `
<DocumentFragment>
  <form
    class="flex w-full place-items-center gap-2 md:max-w-2/3 lg:max-w-1/3"
  >
    <div
      class="relative w-full"
    >
      <input
        class="w-full rounded border border-custom-green bg-custom-blue p-2 pr-7 text-sm text-custom-dark-night shadow-sm focus:border-custom-green focus:ring-2 focus:ring-custom-green focus:outline-none dark:border-gray-600 dark:bg-gray-800 dark:text-white dark:focus:border-custom-green"
        placeholder="Search characters..."
        type="text"
        value="Summer"
      />
      <button
        aria-label="Clear search"
        class="absolute top-1/2 right-2 -translate-y-1/2 button text-custom-coal hover:text-custom-pink focus:text-custom-pink dark:text-dark-text dark:hover:text-custom-pink dark:focus:text-custom-pink"
        type="button"
      >
        ✕
      </button>
    </div>
    <button
      class="button rounded bg-custom-yellow px-4 py-2 text-custom-coal shadow-sm dark:bg-custom-green dark:text-white"
      type="submit"
    >
      Search
    </button>
  </form>
</DocumentFragment>
`;
